git init

cd ~/desktop
cd intro_git
git init
ls -a
ls -a .git/

git add first.txt
git commit
コミットのメッセージは「i」で入力
メッセージ書き込み終了は「ESC」、「:wq エンター」

Sonya@sonya MINGW64 ~/desktop (master)
$ ^C

Sonya@sonya MINGW64 ~/desktop (master)
$ cd intro_git

Sonya@sonya MINGW64 ~/desktop/intro_git (master)
$ ls
first.txt

Sonya@sonya MINGW64 ~/desktop/intro_git (master)
$ git init
Initialized empty Git repository in C:/Users/N/Desktop/intro_git/.git/

Sonya@sonya MINGW64 ~/desktop/intro_git (master)
$ ls -a^C

Sonya@sonya MINGW64 ~/desktop/intro_git (master)
$ ls -a
./  ../  .git/  first.txt

Sonya@sonya MINGW64 ~/desktop/intro_git (master)
$

Sonya@sonya MINGW64 ~/desktop/intro_git (master)
$ ls -a .git/
./  ../  config  description  HEAD  hooks/  info/  objects/  refs/

Sonya@sonya MINGW64 ~/desktop/intro_git (master)
$ git add first.txt
warning: CRLF will be replaced by LF in first.txt.
The file will have its original line endings in your working directory

Sonya@sonya MINGW64 ~/desktop/intro_git (master)
$ git commit
[master (root-commit) a9e0393] initial commit
 1 file changed, 2 insertions(+)
 create mode 100644 first.txt

Sonya@sonya MINGW64 ~/desktop/intro_git (master)
$ git remote add origin https://github.com/nakagawa04/intro_git.git

Sonya@sonya MINGW64 ~/desktop/intro_git (master)
$ git push -u origin master
Logon failed, use ctrl+c to cancel basic credential prompt.
Gt111327remote: Invalid username or password.
fatal: Authentication failed for 'https://github.com/nakagawa04/intro_git.git/'

Sonya@sonya MINGW64 ~/desktop/intro_git (master)
$ git push -u origin master
Logon failed, use ctrl+c to cancel basic credential prompt.
error: unable to read askpass response from 'C:/Program Files/Git/mingw64/libexec/git-core/git-gui--askpass'
Username for 'https://github.com': nakagawa04
Enumerating objects: 3, done.
Counting objects: 100% (3/3), done.
Delta compression using up to 4 threads
Compressing objects: 100% (2/2), done.
Writing objects: 100% (3/3), 292 bytes | 292.00 KiB/s, done.
Total 3 (delta 0), reused 0 (delta 0), pack-reused 0
To https://github.com/nakagawa04/intro_git.git
 * [new branch]      master -> master
Branch 'master' set up to track remote branch 'master' from 'origin'.

Sonya@sonya MINGW64 ~/desktop/intro_git (master)
$ cd ~/document/udemy_code
bash: cd: /c/Users/N/document/udemy_code: No such file or directory

Sonya@sonya MINGW64 ~/desktop/intro_git (master)
$ cd ~/document/udemy_code
bash: cd: /c/Users/N/document/udemy_code: No such file or directory

Sonya@sonya MINGW64 ~/desktop/intro_git (master)
$ cd ~/Documents/udemy_code

Sonya@sonya MINGW64 ~/Documents/udemy_code (master)
$ mkdir git_tutorial

Sonya@sonya MINGW64 ~/Documents/udemy_code (master)
$ cd git_tutorial

Sonya@sonya MINGW64 ~/Documents/udemy_code/git_tutorial (master)
$ git init
Initialized empty Git repository in C:/Users/N/Documents/udemy_code/git_tutorial/.git/

Sonya@sonya MINGW64 ~/Documents/udemy_code/git_tutorial (master)
$ ls \a
ls: cannot access 'a': No such file or directory

Sonya@sonya MINGW64 ~/Documents/udemy_code/git_tutorial (master)
$ ls -a
./  ../  .git/

Sonya@sonya MINGW64 ~/Documents/udemy_code/git_tutorial (master)
$ ls .git
config  description  HEAD  hooks/  info/  objects/  refs/

Sonya@sonya MINGW64 ~/Documents/udemy_code/git_tutorial (master)
$ cd ~?Documents/udemy_code
bash: cd: ~?Documents/udemy_code: No such file or directory

Sonya@sonya MINGW64 ~/Documents/udemy_code/git_tutorial (master)
$ cd ~/Documents/udemy_code

Sonya@sonya MINGW64 ~/Documents/udemy_code (master)
$ git clone https://github.com/atom/atom.git
Cloning into 'atom'...
remote: Enumerating objects: 17, done.
remote: Counting objects: 100% (17/17), done.
remote: Compressing objects: 100% (7/7), done.
remote: Total 204507 (delta 10), reused 11 (delta 10), pack-reused 204490
Receiving objects: 100% (204507/204507), 314.72 MiB | 3.26 MiB/s, done.
Resolving deltas: 100% (145292/145292), done.
Updating files: 100% (1323/1323), done.

Sonya@sonya MINGW64 ~/Documents/udemy_code (master)
$ cd atom

Sonya@sonya MINGW64 ~/Documents/udemy_code/atom (master)
$ ls -a
./                 CHANGELOG.md        packages/
../                CODE_OF_CONDUCT.md  PULL_REQUEST_TEMPLATE.md
.coffeelintignore  coffeelint.json     README.md
.eslintignore      CONTRIBUTING.md     resources/
.eslintrc.json     Dockerfile          script/
.git/              docs/               spec/
.gitattributes     dot-atom/           src/
.github/           exports/            static/
.gitignore         keymaps/            stylelint.config.js
.prettierrc        LICENSE.md          SUPPORT.md
apm/               menus/              vendor/
atom.sh*           package.json
benchmarks/        package-lock.json

Sonya@sonya MINGW64 ~/Documents/udemy_code/atom (master)
$ cd git_tutorial
bash: cd: git_tutorial: No such file or directory

Sonya@sonya MINGW64 ~/Documents/udemy_code/atom (master)
$ cd ~/Documents/udemy_code/git_tutorial

Sonya@sonya MINGW64 ~/Documents/udemy_code/git_tutorial (master)
$ ls
index.html

Sonya@sonya MINGW64 ~/Documents/udemy_code/git_tutorial (master)
$ git add .

Sonya@sonya MINGW64 ~/Documents/udemy_code/git_tutorial (master)
$ git commit
[master (root-commit) 347a3d2] initial commit
 1 file changed, 1 insertion(+)
 create mode 100644 index.html

Sonya@sonya MINGW64 ~/Documents/udemy_code/git_tutorial (master)
$ git status
On branch master
nothing to commit, working tree clean

Sonya@sonya MINGW64 ~/Documents/udemy_code/git_tutorial (master)
$ git status
On branch master
Changes not staged for commit:
  (use "git add <file>..." to update what will be committed)
  (use "git restore <file>..." to discard changes in working directory)
        modified:   index.html

no changes added to commit (use "git add" and/or "git commit -a")

Sonya@sonya MINGW64 ~/Documents/udemy_code/git_tutorial (master)
$ git add index.html
warning: CRLF will be replaced by LF in index.html.
The file will have its original line endings in your working directory

Sonya@sonya MINGW64 ~/Documents/udemy_code/git_tutorial (master)
$ git status
On branch master
Changes to be committed:
  (use "git restore --staged <file>..." to unstage)
        modified:   index.html


Sonya@sonya MINGW64 ~/Documents/udemy_code/git_tutorial (master)
$ git commit
[master c1fa0aa] git status繧ｳ繝槭Φ繝峨ｒ霑ｽ險・ 1 file changed, 2 insertions(+), 1 deletion(-)

Sonya@sonya MINGW64 ~/Documents/udemy_code/git_tutorial (master)
$ git status
On branch master
nothing to commit, working tree clean

Sonya@sonya MINGW64 ~/Documents/udemy_code/git_tutorial (master)
$ git diff

Sonya@sonya MINGW64 ~/Documents/udemy_code/git_tutorial (master)
$ git diff
warning: CRLF will be replaced by LF in index.html.
The file will have its original line endings in your working directory
diff --git a/index.html b/index.html
index 724d88a..3c0f4e7 100644
--- a/index.html
+++ b/index.html
@@ -1,2 +1,3 @@
 <h1>Gitチュートリアル</h1>
-<p>git status</p>
\ No newline at end of file
+<p>git status</p>
+<p>git diff</p>
\ No newline at end of file

Sonya@sonya MINGW64 ~/Documents/udemy_code/git_tutorial (master)
$ git add index.html
warning: CRLF will be replaced by LF in index.html.
The file will have its original line endings in your working directory

Sonya@sonya MINGW64 ~/Documents/udemy_code/git_tutorial (master)
$ git diff

Sonya@sonya MINGW64 ~/Documents/udemy_code/git_tutorial (master)
$ git diff --staged
diff --git a/index.html b/index.html
index 724d88a..3c0f4e7 100644
--- a/index.html
+++ b/index.html
@@ -1,2 +1,3 @@
 <h1>Gitチュートリアル</h1>
-<p>git status</p>
\ No newline at end of file
+<p>git status</p>
+<p>git diff</p>
\ No newline at end of file

Sonya@sonya MINGW64 ~/Documents/udemy_code/git_tutorial (master)
$ git commit
[master a2299b4] git diff added
 1 file changed, 2 insertions(+), 1 deletion(-)

Sonya@sonya MINGW64 ~/Documents/udemy_code/git_tutorial (master)
$ git diff

Sonya@sonya MINGW64 ~/Documents/udemy_code/git_tutorial (master)
$ git diff --staged

Sonya@sonya MINGW64 ~/Documents/udemy_code/git_tutorial (master)
$
